// Jest Snapshot v1, https://goo.gl/fbAQLP

exports[`renders correctly 1`] = `
<div
  className="fullPage"
>
  <img
    alt="plate pal logo"
    className="logoImage"
    src="plate_pal_logo.png"
  />
  <h3
    className="logo"
    data-testid="logo"
  >
    PlatePal
  </h3>
  <button
    className="loginButton"
    onClick={[Function]}
  >
    Login
  </button>
  <button
    className="registerButton"
  >
    Register
  </button>
</div>
`;
